[jaiswaltravel.com/index.html]
[jaiswaltravel.com/image/logo.png]
[backblue.gif]
[fade.gif]
[index.html]
[jaiswaltravel.com/img/favicon.ico]
[cdnjs.cloudflare.com/ajax/libs/font-awesome/5.10.0/css/all.min.css]
[jaiswaltravel.com/lib/owlcarousel/assets/owl.carousel.min.css]
[jaiswaltravel.com/lib/tempusdominus/css/tempusdominus-bootstrap-4.min.css]
[jaiswaltravel.com/css/style.css]
[jaiswaltravel.com/css/styles.css]
[jaiswaltravel.com/about.html]
[jaiswaltravel.com/gallery.html]
[jaiswaltravel.com/services.html]
[jaiswaltravel.com/tour-packages.html]
[jaiswaltravel.com/contact.html]
[jaiswaltravel.com/image/banner2.jpg]
[jaiswaltravel.com/nepal/bandipur.webp]
[jaiswaltravel.com/img/about.jpg]
[jaiswaltravel.com/img/about-1.jpg]
[jaiswaltravel.com/img/about-2.jpg]
[jaiswaltravel.com/nepal/kathmandu.jpg]
[jaiswaltravel.com/nepal/pokhra/pokhra-annapurnas.webp]
[jaiswaltravel.com/nepal/lumbani.webp]
[jaiswaltravel.com/nepal/chitwan.webp]
[jaiswaltravel.com/nepal/bharatpur.webp]
[jaiswaltravel.com/nepal/janakpur.webp]
[globalnepaltrip.com/wp-content/plugins/contact-form-7/includes/css/styles7404.css]
[globalnepaltrip.com/wp-content/fonts/9e066a133441ba71ace871da395dea60adc6.css]
[globalnepaltrip.com/wp-content/fonts/72f5833166be7f57e3042957dab43498adc6.css]
[globalnepaltrip.com/wp-content/themes/bosa-travel-tour/styleadc6.css]
[globalnepaltrip.com/wp-content/plugins/elementskit-lite/modules/elementskit-icon-pack/assets/css/ekiticons324d.css]
[globalnepaltrip.com/wp-content/plugins/elementor/assets/css/frontend-lite.min021f.css]
[globalnepaltrip.com/wp-content/plugins/elementor/assets/lib/swiper/v8/css/swiper.min94a4.css]
[globalnepaltrip.com/wp-content/uploads/elementor/css/post-198ba3.css]
[globalnepaltrip.com/wp-content/uploads/elementor/css/global8ba3.css]
[globalnepaltrip.com/wp-content/uploads/elementor/css/post-13711070.css]
[globalnepaltrip.com/wp-content/plugins/elementskit-lite/widgets/init/assets/css/widget-styles324d.css]
[globalnepaltrip.com/wp-content/plugins/elementskit-lite/widgets/init/assets/css/responsive324d.css]
[globalnepaltrip.com/wp-content/plugins/essential-addons-for-elementor-lite/assets/front-end/css/view/general.min01df.css]
[globalnepaltrip.com/wp-includes/js/jquery/jquery.minf43b.js]
[globalnepaltrip.com/wp-includes/js/jquery/jquery-migrate.min5589.js]
[globalnepaltrip.com/wp-content/uploads/2024/05/cropped-cropped-logo-32x32.png]
[globalnepaltrip.com/wp-content/uploads/2024/05/cropped-cropped-logo-192x192.png]
[globalnepaltrip.com/wp-content/uploads/2024/05/cropped-cropped-logo-180x180.png]
[jaiswaltravel.com/home/u479373626/domains/nepaltempletour.com/public_html/wp-content/fonts/open-sans/memvYaGs126MiZpBA-UvWbX2vVnXBbObj2OVTSKmu1aB.29.delayed]
[jaiswaltravel.com/home/u479373626/domains/nepaltempletour.com/public_html/wp-content/fonts/open-sans/memvYaGs126MiZpBA-UvWbX2vVnXBbObj2OVTSumu1aB.woff2]
[jaiswaltravel.com/home/u479373626/domains/nepaltempletour.com/public_html/wp-content/fonts/open-sans/memvYaGs126MiZpBA-UvWbX2vVnXBbObj2OVTSOmu1aB.woff2]
[jaiswaltravel.com/home/u479373626/domains/nepaltempletour.com/public_html/wp-content/fonts/open-sans/memvYaGs126MiZpBA-UvWbX2vVnXBbObj2OVTSymu1aB.woff2]
[jaiswaltravel.com/home/u479373626/domains/nepaltempletour.com/public_html/wp-content/fonts/open-sans/memvYaGs126MiZpBA-UvWbX2vVnXBbObj2OVTS2mu1aB.woff2]
[jaiswaltravel.com/home/u479373626/domains/nepaltempletour.com/public_html/wp-content/fonts/open-sans/memvYaGs126MiZpBA-UvWbX2vVnXBbObj2OVTVOmu1aB.woff2]
[jaiswaltravel.com/home/u479373626/domains/nepaltempletour.com/public_html/wp-content/fonts/open-sans/memvYaGs126MiZpBA-UvWbX2vVnXBbObj2OVTUGmu1aB.woff2]
[jaiswaltravel.com/home/u479373626/domains/nepaltempletour.com/public_html/wp-content/fonts/open-sans/memvYaGs126MiZpBA-UvWbX2vVnXBbObj2OVTSCmu1aB.woff2]
[globalnepaltrip.com/wp-content/uploads/2024/04/pokhara-home.jpg]
[nepaltempletour.com/wp-content/plugins/elementor/assets/css/widget-icon-list.min.css]
[jaiswaltravel.com/pokhra.html]
[globalnepaltrip.com/wp-content/uploads/2024/04/3-days-kathmandu-tour-package.jpg]
[jaiswaltravel.com/kathmandu.html]
[globalnepaltrip.com/wp-content/uploads/2024/04/muktinath-home.jpg]
[jaiswaltravel.com/muktinath.html]
[globalnepaltrip.com/wp-content/uploads/2024/04/chitwan-tour-home.jpg]
[jaiswaltravel.com/chitwan.html]
[globalnepaltrip.com/wp-content/uploads/2024/04/nepal-tour-home.jpg]
[jaiswaltravel.com/nepal-pachage.html]
[globalnepaltrip.com/wp-content/uploads/2024/04/janakpur-tour-home.jpg]
[jaiswaltravel.com/janakpur.html]
[globalnepaltrip.com/wp-content/uploads/2024/04/muktinath-tour-home.jpg]
[globalnepaltrip.com/wp-content/uploads/2024/04/nepal-tour-package-home.jpg]
[jaiswaltravel.com/_data_image/svg+xml,_svg xmlns='http_/www.w3.org/2000/svg' preserveAspectRatio='none' overflow='visib/__/svg__]
[nepaltempletour.com/wp-content/plugins/elementor/assets/css/widget-icon-box.min.css]
[globalnepaltrip.com/wp-content/plugins/elementor/assets/lib/animations/animations.min021f.css]
[globalnepaltrip.com/wp-content/plugins/bosa-elementor-for-woocommerce/assets/css/owl-carousel-minadc6.css]
[globalnepaltrip.com/wp-content/plugins/bosa-elementor-for-woocommerce/assets/css/owl.theme.default.minadc6.css]
[globalnepaltrip.com/wp-content/plugins/bosa-elementor-for-woocommerce/assets/styleadc6.css]
[globalnepaltrip.com/wp-content/plugins/contact-form-7/includes/swv/js/index7404.js]
[globalnepaltrip.com/wp-content/plugins/contact-form-7/includes/js/index7404.js]
[globalnepaltrip.com/wp-content/themes/bosa-travel-tour/assets/js/custom-woo5152.js]
[globalnepaltrip.com/wp-includes/js/imagesloaded.minbb93.js]
[globalnepaltrip.com/wp-includes/js/masonry.min3a05.js]
[globalnepaltrip.com/wp-includes/js/jquery/jquery.masonry.minef70.js]
[globalnepaltrip.com/wp-content/themes/bosa/assets/bootstrap/js/bootstrap.min661b.js]
[globalnepaltrip.com/wp-content/themes/bosa/assets/slick/slick.min661b.js]
[globalnepaltrip.com/wp-content/themes/bosa/assets/js/jquery.slicknav.min661b.js]
[globalnepaltrip.com/wp-content/themes/bosa/assets/js/skip-link-focus-fix661b.js]
[globalnepaltrip.com/wp-content/themes/bosa/assets/js/navigation661b.js]
[globalnepaltrip.com/wp-content/themes/bosa/assets/js/theia-sticky-sidebar.min661b.js]
[globalnepaltrip.com/wp-content/themes/bosa/assets/js/html5shiv.min661b.js]
[globalnepaltrip.com/wp-content/themes/bosa/assets/js/custom.min661b.js]
[globalnepaltrip.com/wp-content/plugins/elementskit-lite/widgets/init/assets/js/widget-scripts324d.js]
[globalnepaltrip.com/wp-content/plugins/essential-addons-for-elementor-lite/assets/front-end/js/view/general.min01df.js]
[globalnepaltrip.com/wp-content/plugins/elementor/assets/lib/jquery-numerator/jquery-numerator.min3958.js]
[globalnepaltrip.com/wp-content/plugins/elementor/assets/js/webpack.runtime.min021f.js]
[globalnepaltrip.com/wp-content/plugins/elementor/assets/js/frontend-modules.min021f.js]
[globalnepaltrip.com/wp-content/plugins/elementor/assets/lib/waypoints/waypoints.min05da.js]
[globalnepaltrip.com/wp-includes/js/jquery/ui/core.min3f14.js]
[globalnepaltrip.com/wp-content/plugins/elementor/assets/js/frontend.min021f.js]
[globalnepaltrip.com/wp-content/plugins/elementskit-lite/widgets/init/assets/js/animate-circle.min324d.js]
[globalnepaltrip.com/wp-content/plugins/elementskit-lite/widgets/init/assets/js/elementor324d.js]
[globalnepaltrip.com/wp-content/plugins/bosa-elementor-for-woocommerce/assets/js/owl.carousel.minadc6.js]
[globalnepaltrip.com/wp-content/plugins/bosa-elementor-for-woocommerce/assets/js/bew-admin-scriptadc6.js]
[jaiswaltravel.com/img/guids1.png]
[jaiswaltravel.com/img/testimonial-1.jpg]
[jaiswaltravel.com/img/testimonial-2.jpg]
[jaiswaltravel.com/img/testimonial-3.jpg]
[jaiswaltravel.com/img/testimonial-4.jpg]
[jaiswaltravel.com/img/blog-1.jpg]
[jaiswaltravel.com/img/blog-2.jpg]
[jaiswaltravel.com/img/blog-3.jpg]
[jaiswaltravel.com/destination.html]
[jaiswaltravel.com/travel-guide.html]
[jaiswaltravel.com/testimonial.html]
[jaiswaltravel.com/blog-gride.html]
[jaiswaltravel.com/gyanvidigital.com]
[code.jquery.com/jquery-3.4.1.min.js]
[stackpath.bootstrapcdn.com/bootstrap/4.4.1/js/bootstrap.bundle.min.js]
[jaiswaltravel.com/lib/easing/easing.min.js]
[jaiswaltravel.com/lib/owlcarousel/owl.carousel.min.js]
[jaiswaltravel.com/lib/tempusdominus/js/moment.min.js]
[jaiswaltravel.com/lib/tempusdominus/js/moment-timezone.min.js]
[jaiswaltravel.com/lib/tempusdominus/js/tempusdominus-bootstrap-4.min.js]
[jaiswaltravel.com/mail/jqBootstrapValidation.min.js]
[jaiswaltravel.com/mail/contact.js]
[jaiswaltravel.com/js/main.js]
[jaiswaltravel.com/index.html]
[jaiswaltravel.com/img/favicon.html]
[cdnjs.cloudflare.com/ajax/libs/font-awesome/5.10.0/css/all.min.css]
[jaiswaltravel.com/lib/owlcarousel/assets/owl.video.play.png]
[jaiswaltravel.com/lib/owlcarousel/assets/owl.carousel.min.css]
[jaiswaltravel.com/lib/tempusdominus/css/tempusdominus-bootstrap-4.min.css]
[jaiswaltravel.com/img/carousel-2.jpg]
[jaiswaltravel.com/img/carousel-1.jpg]
[jaiswaltravel.com/css/style.css]
[jaiswaltravel.com/css/styles.css]
[jaiswaltravel.com/about.html]
[jaiswaltravel.com/image/gallery/img (1).jpg]
[jaiswaltravel.com/image/gallery/img (2).jpg]
[jaiswaltravel.com/image/gallery/img (3).jpg]
[jaiswaltravel.com/image/gallery/img (4).jpg]
[jaiswaltravel.com/image/gallery/img (5).jpg]
[jaiswaltravel.com/image/gallery/img (6).jpg]
[jaiswaltravel.com/gallery.html]
[jaiswaltravel.com/image/service/hotel.webp]
[jaiswaltravel.com/services.html]
[jaiswaltravel.com/image/service/bus.webp]
[jaiswaltravel.com/tour-packages.html]
[jaiswaltravel.com/contact.html]
[globalnepaltrip.com/wp-content/plugins/contact-form-7/includes/css/styles7404.css]
[jaiswaltravel.com/image/contactimg1.avif]
[globalnepaltrip.com/wp-content/fonts/jost/92zUtBhPNqw73oHt5D4hTxM.woff2]
[globalnepaltrip.com/wp-content/fonts/jost/92zUtBhPNqw73oHt7j4hTxM.woff2]
[globalnepaltrip.com/wp-content/fonts/jost/92zUtBhPNqw73oHt4D4h.woff2]
[globalnepaltrip.com/wp-content/fonts/jost/92zatBhPNqw73oDd4iYl.woff2]
[globalnepaltrip.com/wp-content/fonts/jost/92zatBhPNqw73ord4iYl.woff2]
[globalnepaltrip.com/wp-content/fonts/jost/92zatBhPNqw73oTd4g.woff2]
[globalnepaltrip.com/wp-content/fonts/9e066a133441ba71ace871da395dea60adc6.css]
[globalnepaltrip.com/wp-content/fonts/poppins/pxiAyp8kv8JHgFVrJJLmE0tMMPKzSQ.woff2]
[globalnepaltrip.com/wp-content/fonts/poppins/pxiAyp8kv8JHgFVrJJLmE0tCMPI.woff2]
[globalnepaltrip.com/wp-content/fonts/poppins/pxiDyp8kv8JHgFVrJJLmv1pVGdeOcEg.woff2]
[globalnepaltrip.com/wp-content/fonts/poppins/pxiDyp8kv8JHgFVrJJLmv1pVF9eO.woff2]
[globalnepaltrip.com/wp-content/fonts/poppins/pxiDyp8kv8JHgFVrJJLm21lVGdeOcEg.woff2]
[globalnepaltrip.com/wp-content/fonts/poppins/pxiDyp8kv8JHgFVrJJLm21lVF9eO.woff2]
[globalnepaltrip.com/wp-content/fonts/poppins/pxiGyp8kv8JHgFVrJJLufntAKPY.woff2]
[globalnepaltrip.com/wp-content/fonts/poppins/pxiGyp8kv8JHgFVrJJLucHtA.woff2]
[globalnepaltrip.com/wp-content/fonts/poppins/pxiDyp8kv8JHgFVrJJLmg1hVGdeOcEg.woff2]
[globalnepaltrip.com/wp-content/fonts/poppins/pxiDyp8kv8JHgFVrJJLmg1hVF9eO.woff2]
[globalnepaltrip.com/wp-content/fonts/poppins/pxiDyp8kv8JHgFVrJJLmr19VGdeOcEg.woff2]
[globalnepaltrip.com/wp-content/fonts/poppins/pxiDyp8kv8JHgFVrJJLmr19VF9eO.woff2]
[globalnepaltrip.com/wp-content/fonts/poppins/pxiDyp8kv8JHgFVrJJLmy15VGdeOcEg.woff2]
[globalnepaltrip.com/wp-content/fonts/poppins/pxiDyp8kv8JHgFVrJJLmy15VF9eO.woff2]
[globalnepaltrip.com/wp-content/fonts/poppins/pxiDyp8kv8JHgFVrJJLm111VGdeOcEg.woff2]
[globalnepaltrip.com/wp-content/fonts/poppins/pxiDyp8kv8JHgFVrJJLm111VF9eO.woff2]
[globalnepaltrip.com/wp-content/fonts/poppins/pxiDyp8kv8JHgFVrJJLm81xVGdeOcEg.woff2]
[globalnepaltrip.com/wp-content/fonts/poppins/pxiDyp8kv8JHgFVrJJLm81xVF9eO.woff2]
[globalnepaltrip.com/wp-content/fonts/poppins/pxiGyp8kv8JHgFVrLPTufntAKPY.woff2]
[globalnepaltrip.com/wp-content/fonts/poppins/pxiGyp8kv8JHgFVrLPTucHtA.woff2]
[globalnepaltrip.com/wp-content/fonts/poppins/pxiByp8kv8JHgFVrLFj_Z1JlFc-K.woff2]
[globalnepaltrip.com/wp-content/fonts/poppins/pxiByp8kv8JHgFVrLFj_Z1xlFQ.woff2]
[globalnepaltrip.com/wp-content/fonts/poppins/pxiByp8kv8JHgFVrLDz8Z1JlFc-K.woff2]
[globalnepaltrip.com/wp-content/fonts/poppins/pxiByp8kv8JHgFVrLDz8Z1xlFQ.woff2]
[globalnepaltrip.com/wp-content/fonts/poppins/pxiByp8kv8JHgFVrLCz7Z1JlFc-K.woff2]
[globalnepaltrip.com/wp-content/fonts/poppins/pxiByp8kv8JHgFVrLCz7Z1xlFQ.woff2]
[globalnepaltrip.com/wp-content/fonts/poppins/pxiByp8kv8JHgFVrLDD4Z1JlFc-K.woff2]
[globalnepaltrip.com/wp-content/fonts/poppins/pxiByp8kv8JHgFVrLDD4Z1xlFQ.woff2]
[globalnepaltrip.com/wp-content/fonts/poppins/pxiByp8kv8JHgFVrLBT5Z1JlFc-K.woff2]
[globalnepaltrip.com/wp-content/fonts/poppins/pxiByp8kv8JHgFVrLBT5Z1xlFQ.woff2]
[globalnepaltrip.com/wp-content/fonts/72f5833166be7f57e3042957dab43498adc6.css]
[globalnepaltrip.com/wp-content/themes/bosa-travel-tour/styleadc6.css]
[globalnepaltrip.com/wp-content/plugins/elementskit-lite/modules/elementskit-icon-pack/assets/css/ekiticons324d.css]
[globalnepaltrip.com/wp-content/plugins/elementor/assets/css/frontend-lite.min021f.css]
[globalnepaltrip.com/wp-content/plugins/elementor/assets/lib/swiper/v8/css/swiper.min94a4.css]
[globalnepaltrip.com/wp-content/uploads/elementor/css/post-198ba3.css]
[globalnepaltrip.com/wp-content/uploads/elementor/css/global8ba3.css]
[globalnepaltrip.com/wp-content/uploads/2024/04/6-days-nepal-tour.jpg]
[globalnepaltrip.com/wp-content/uploads/elementor/css/post-13711070.css]
[globalnepaltrip.com/wp-content/plugins/elementskit-lite/widgets/init/assets/img/arrow.png]
[globalnepaltrip.com/wp-content/plugins/elementskit-lite/widgets/init/assets/img/sort_asc.png]
[globalnepaltrip.com/wp-content/plugins/elementskit-lite/widgets/init/assets/img/sort_desc.png]
[globalnepaltrip.com/wp-content/plugins/elementskit-lite/widgets/init/assets/img/sort_asc_disabled.png]
[globalnepaltrip.com/wp-content/plugins/elementskit-lite/widgets/init/assets/css/widget-styles324d.css]
[globalnepaltrip.com/wp-content/plugins/elementskit-lite/widgets/init/assets/css/responsive324d.css]
[globalnepaltrip.com/wp-content/plugins/essential-addons-for-elementor-lite/assets/front-end/css/view/general.min01df.css]
[globalnepaltrip.com/wp-includes/js/jquery/jquery.minf43b.js]
[globalnepaltrip.com/wp-includes/js/jquery/jquery-migrate.min5589.js]
[jaiswaltravel.com/home/u479373626/domains/nepaltempletour.com/public_html/wp-content/fonts/open-sans/memvYaGs126MiZpBA-UvWbX2vVnXBbObj2OVTSKmu1aB.html]
[jaiswaltravel.com/home/u479373626/domains/nepaltempletour.com/public_html/wp-content/fonts/open-sans/memvYaGs126MiZpBA-UvWbX2vVnXBbObj2OVTSumu1aB.html]
[jaiswaltravel.com/home/u479373626/domains/nepaltempletour.com/public_html/wp-content/fonts/open-sans/memvYaGs126MiZpBA-UvWbX2vVnXBbObj2OVTSOmu1aB.html]
[jaiswaltravel.com/home/u479373626/domains/nepaltempletour.com/public_html/wp-content/fonts/open-sans/memvYaGs126MiZpBA-UvWbX2vVnXBbObj2OVTSymu1aB.html]
[jaiswaltravel.com/home/u479373626/domains/nepaltempletour.com/public_html/wp-content/fonts/open-sans/memvYaGs126MiZpBA-UvWbX2vVnXBbObj2OVTS2mu1aB.html]
[jaiswaltravel.com/home/u479373626/domains/nepaltempletour.com/public_html/wp-content/fonts/open-sans/memvYaGs126MiZpBA-UvWbX2vVnXBbObj2OVTVOmu1aB.html]
[jaiswaltravel.com/home/u479373626/domains/nepaltempletour.com/public_html/wp-content/fonts/open-sans/memvYaGs126MiZpBA-UvWbX2vVnXBbObj2OVTUGmu1aB.html]
[jaiswaltravel.com/home/u479373626/domains/nepaltempletour.com/public_html/wp-content/fonts/open-sans/memvYaGs126MiZpBA-UvWbX2vVnXBbObj2OVTSCmu1aB.html]
[nepaltempletour.com/wp-content/plugins/elementor/assets/css/widget-icon-list.min.css]
[jaiswaltravel.com/nepal/pokhra.webp]
[jaiswaltravel.com/pokhra.html]
[jaiswaltravel.com/kathmandu.html]
[jaiswaltravel.com/nepal/muktinath.jpg]
[jaiswaltravel.com/muktinath.html]
[jaiswaltravel.com/chitwan.html]
[jaiswaltravel.com/nepal-pachage.html]
[jaiswaltravel.com/janakpur.html]
[jaiswaltravel.com/_data_image/svg+xml,_svg xmlns='http_/www.w3.org/2000/svg' preserveAspectRatio='none' overflow='visib/__/svg__.html]
[nepaltempletour.com/wp-content/plugins/elementor/assets/css/widget-icon-box.min.css]
[globalnepaltrip.com/wp-content/plugins/elementor/assets/lib/animations/animations.min021f.css]
[globalnepaltrip.com/wp-content/plugins/bosa-elementor-for-woocommerce/assets/css/owl.video.play.png]
[globalnepaltrip.com/wp-content/plugins/bosa-elementor-for-woocommerce/assets/css/owl-carousel-minadc6.css]
[globalnepaltrip.com/wp-content/plugins/bosa-elementor-for-woocommerce/assets/css/owl.theme.default.minadc6.css]
[globalnepaltrip.com/wp-content/plugins/bosa-elementor-for-woocommerce/assets/styleadc6.css]
[jaiswaltravel.com/t]
[globalnepaltrip.com/wp-content/plugins/contact-form-7/includes/swv/js/index7404.js]
[globalnepaltrip.com/wp-content/plugins/contact-form-7/includes/js/index7404.js]
[globalnepaltrip.com/wp-content/themes/bosa-travel-tour/assets/js/custom-woo5152.js]
[globalnepaltrip.com/wp-includes/js/imagesloaded.minbb93.js]
[globalnepaltrip.com/wp-includes/js/masonry.min3a05.js]
[globalnepaltrip.com/wp-includes/js/jquery/jquery.masonry.minef70.js]
[jaiswaltravel.com/popper.js]
[globalnepaltrip.com/wp-content/themes/bosa/assets/bootstrap/js/bootstrap.min661b.js]
[globalnepaltrip.com/wp-content/themes/bosa/assets/slick/slick.min661b.js]
[globalnepaltrip.com/wp-content/themes/bosa/assets/js/jquery.slicknav.min661b.js]
[globalnepaltrip.com/wp-content/themes/bosa/assets/js/skip-link-focus-fix661b.js]
[globalnepaltrip.com/wp-content/themes/bosa/assets/js/navigation661b.js]
[globalnepaltrip.com/wp-content/themes/bosa/assets/js/theia-sticky-sidebar.min661b.js]
[globalnepaltrip.com/wp-content/themes/bosa/assets/js/html5shiv.min661b.js]
[globalnepaltrip.com/wp-content/themes/bosa/assets/js/custom.min661b.js]
[globalnepaltrip.com/wp-content/plugins/elementskit-lite/libs/framework/assets/js/frontend-script324d.js]
[globalnepaltrip.com/wp-content/plugins/elementskit-lite/widgets/init/assets/js/widget-scripts324d.js]
[jaiswaltravel.com/e]
[globalnepaltrip.com/wp-content/plugins/essential-addons-for-elementor-lite/assets/front-end/js/view/general.min01df.js]
[globalnepaltrip.com/wp-content/plugins/elementor/assets/lib/jquery-numerator/jquery-numerator.min3958.js]
[globalnepaltrip.com/wp-content/plugins/elementor/assets/js/webpack.runtime.min021f.js]
[globalnepaltrip.com/wp-content/plugins/elementor/assets/js/frontend-modules.min021f.js]
[globalnepaltrip.com/wp-content/plugins/elementor/assets/lib/waypoints/waypoints.min05da.js]
[globalnepaltrip.com/wp-includes/js/jquery/ui/core.min3f14.js]
[jaiswaltravel.com/-negative.svg]
[globalnepaltrip.com/wp-content/plugins/elementor/assets/js/frontend.min021f.js]
[globalnepaltrip.com/wp-content/plugins/elementskit-lite/widgets/init/assets/js/animate-circle.min324d.js]
[globalnepaltrip.com/wp-content/plugins/elementskit-lite/widgets/init/assets/js/elementor324d.js]
[globalnepaltrip.com/wp-content/plugins/bosa-elementor-for-woocommerce/assets/js/owl.carousel.minadc6.js]
[globalnepaltrip.com/wp-content/plugins/bosa-elementor-for-woocommerce/assets/js/bew-admin-scriptadc6.js]
[jaiswaltravel.com/destination.html]
[jaiswaltravel.com/travel-guide.html]
[jaiswaltravel.com/testimonial.html]
[jaiswaltravel.com/image/blog/blog1.jpg]
[jaiswaltravel.com/image/blog/blog2.webp]
[jaiswaltravel.com/image/blog/blog3.webp]
[jaiswaltravel.com/image/blog/blog4.jpg]
[jaiswaltravel.com/image/blog/blog5.jpg]
[jaiswaltravel.com/image/blog/blog6.jpg]
[jaiswaltravel.com/image/blog/blog7.jpg]
[jaiswaltravel.com/image/blog/blog8.jpg]
[jaiswaltravel.com/blog-gride.html]
[jaiswaltravel.com/gyanvidigital.html]
[jaiswaltravel.com/lib/easing/easing.min.js]
[jaiswaltravel.com/lib/owlcarousel/owl.carousel.min.js]
[jaiswaltravel.com/lib/tempusdominus/js/moment.min.js]
[jaiswaltravel.com/lib/tempusdominus/js/moment-timezone.min.js]
[jaiswaltravel.com/lib/tempusdominus/js/tempusdominus-bootstrap-4.min.js]
[jaiswaltravel.com/mail/jqBootstrapValidation.min.js]
[jaiswaltravel.com/mail/contact.js]
[jaiswaltravel.com/js/main.js]
[globalnepaltrip.com/wp-content/plugins/bosa-elementor-for-woocommerce/assets/css/owl.video.play.html]
[jaiswaltravel.com/t.html]
[jaiswaltravel.com/popper.html]
[jaiswaltravel.com/e.html]
[jaiswaltravel.com/-negative.html]
[jaiswaltravel.com/OPR]
[jaiswaltravel.com/OPR/index.html]
[jaiswaltravel.com/image/blog/blog1.html]
[jaiswaltravel.com/image/blog/blog2.html]
[jaiswaltravel.com/image/blog/blog3.html]
[jaiswaltravel.com/image/blog/blog4.html]
[jaiswaltravel.com/image/blog/blog5.html]
[jaiswaltravel.com/image/blog/blog6.html]
[jaiswaltravel.com/image/blog/blog7.html]
[jaiswaltravel.com/image/blog/blog8.html]
[jaiswaltravel.com/Moment Timezone requires Moment.js. See https_/momentjs.com/timezone/docs]
[jaiswaltravel.com/Moment Timezone requires Moment.js. See https_/momentjs.com/timezone/docs/index.html]
[jaiswaltravel.com/OPR.html]
[jaiswaltravel.com/Moment Timezone requires Moment.js. See https_/momentjs.com/timezone/docs.html]
